// Jest Snapshot v1, https://goo.gl/fbAQLP

exports[`AddressLookup renders properly 1`] = `
ShallowWrapper {
  "length": 1,
  Symbol(enzyme.__root__): [Circular],
  Symbol(enzyme.__unrendered__): <AddressLookup
    renderResult={[Function]}
/>,
  Symbol(enzyme.__renderer__): Object {
    "batchedUpdates": [Function],
    "getNode": [Function],
    "render": [Function],
    "simulateEvent": [Function],
    "unmount": [Function],
  },
  Symbol(enzyme.__node__): Object {
    "instance": null,
    "key": undefined,
    "nodeType": "host",
    "props": Object {
      "children": Array [
        <Segment>
          <Header
                    as="h3"
          >
                    Consultar
          </Header>
          <Form
                    as="form"
                    onSubmit={[Function]}
          >
                    <FormGroup>
                              <FormField
                                        inline={true}
                                        required={true}
                              >
                                        <label>
                                                  CEP
                                        </label>
                                        <Input
                                                  onChange={[Function]}
                                                  pattern="[0-9]{5}-?[0-9]{3}"
                                                  required={true}
                                                  type="text"
                                                  value=""
                                        />
                              </FormField>
                              <Button
                                        as="button"
                                        role="button"
                                        type="submit"
                              >
                                        Buscar
                              </Button>
                    </FormGroup>
          </Form>
</Segment>,
        null,
      ],
    },
    "ref": null,
    "rendered": Array [
      Object {
        "instance": null,
        "key": undefined,
        "nodeType": "function",
        "props": Object {
          "children": Array [
            <Header
              as="h3"
>
              Consultar
</Header>,
            <Form
              as="form"
              onSubmit={[Function]}
>
              <FormGroup>
                            <FormField
                                          inline={true}
                                          required={true}
                            >
                                          <label>
                                                        CEP
                                          </label>
                                          <Input
                                                        onChange={[Function]}
                                                        pattern="[0-9]{5}-?[0-9]{3}"
                                                        required={true}
                                                        type="text"
                                                        value=""
                                          />
                            </FormField>
                            <Button
                                          as="button"
                                          role="button"
                                          type="submit"
                            >
                                          Buscar
                            </Button>
              </FormGroup>
</Form>,
          ],
        },
        "ref": null,
        "rendered": Array [
          Object {
            "instance": null,
            "key": undefined,
            "nodeType": "function",
            "props": Object {
              "as": "h3",
              "children": "Consultar",
            },
            "ref": null,
            "rendered": "Consultar",
            "type": [Function],
          },
          Object {
            "instance": null,
            "key": undefined,
            "nodeType": "class",
            "props": Object {
              "as": "form",
              "children": <FormGroup>
                <FormField
                                inline={true}
                                required={true}
                >
                                <label>
                                                CEP
                                </label>
                                <Input
                                                onChange={[Function]}
                                                pattern="[0-9]{5}-?[0-9]{3}"
                                                required={true}
                                                type="text"
                                                value=""
                                />
                </FormField>
                <Button
                                as="button"
                                role="button"
                                type="submit"
                >
                                Buscar
                </Button>
</FormGroup>,
              "onSubmit": [Function],
            },
            "ref": null,
            "rendered": Object {
              "instance": null,
              "key": undefined,
              "nodeType": "function",
              "props": Object {
                "children": Array [
                  <FormField
                    inline={true}
                    required={true}
>
                    <label>
                                        CEP
                    </label>
                    <Input
                                        onChange={[Function]}
                                        pattern="[0-9]{5}-?[0-9]{3}"
                                        required={true}
                                        type="text"
                                        value=""
                    />
</FormField>,
                  <Button
                    as="button"
                    role="button"
                    type="submit"
>
                    Buscar
</Button>,
                ],
              },
              "ref": null,
              "rendered": Array [
                Object {
                  "instance": null,
                  "key": undefined,
                  "nodeType": "function",
                  "props": Object {
                    "children": Array [
                      <label>
                        CEP
</label>,
                      <Input
                        onChange={[Function]}
                        pattern="[0-9]{5}-?[0-9]{3}"
                        required={true}
                        type="text"
                        value=""
/>,
                    ],
                    "inline": true,
                    "required": true,
                  },
                  "ref": null,
                  "rendered": Array [
                    Object {
                      "instance": null,
                      "key": undefined,
                      "nodeType": "host",
                      "props": Object {
                        "children": "CEP",
                      },
                      "ref": null,
                      "rendered": "CEP",
                      "type": "label",
                    },
                    Object {
                      "instance": null,
                      "key": undefined,
                      "nodeType": "class",
                      "props": Object {
                        "onChange": [Function],
                        "pattern": "[0-9]{5}-?[0-9]{3}",
                        "required": true,
                        "type": "text",
                        "value": "",
                      },
                      "ref": Object {
                        "current": null,
                      },
                      "rendered": null,
                      "type": [Function],
                    },
                  ],
                  "type": [Function],
                },
                Object {
                  "instance": null,
                  "key": undefined,
                  "nodeType": "class",
                  "props": Object {
                    "as": "button",
                    "children": "Buscar",
                    "role": "button",
                    "type": "submit",
                  },
                  "ref": null,
                  "rendered": "Buscar",
                  "type": [Function],
                },
              ],
              "type": [Function],
            },
            "type": [Function],
          },
        ],
        "type": [Function],
      },
      null,
    ],
    "type": "div",
  },
  Symbol(enzyme.__nodes__): Array [
    Object {
      "instance": null,
      "key": undefined,
      "nodeType": "host",
      "props": Object {
        "children": Array [
          <Segment>
            <Header
                        as="h3"
            >
                        Consultar
            </Header>
            <Form
                        as="form"
                        onSubmit={[Function]}
            >
                        <FormGroup>
                                    <FormField
                                                inline={true}
                                                required={true}
                                    >
                                                <label>
                                                            CEP
                                                </label>
                                                <Input
                                                            onChange={[Function]}
                                                            pattern="[0-9]{5}-?[0-9]{3}"
                                                            required={true}
                                                            type="text"
                                                            value=""
                                                />
                                    </FormField>
                                    <Button
                                                as="button"
                                                role="button"
                                                type="submit"
                                    >
                                                Buscar
                                    </Button>
                        </FormGroup>
            </Form>
</Segment>,
          null,
        ],
      },
      "ref": null,
      "rendered": Array [
        Object {
          "instance": null,
          "key": undefined,
          "nodeType": "function",
          "props": Object {
            "children": Array [
              <Header
                as="h3"
>
                Consultar
</Header>,
              <Form
                as="form"
                onSubmit={[Function]}
>
                <FormGroup>
                                <FormField
                                                inline={true}
                                                required={true}
                                >
                                                <label>
                                                                CEP
                                                </label>
                                                <Input
                                                                onChange={[Function]}
                                                                pattern="[0-9]{5}-?[0-9]{3}"
                                                                required={true}
                                                                type="text"
                                                                value=""
                                                />
                                </FormField>
                                <Button
                                                as="button"
                                                role="button"
                                                type="submit"
                                >
                                                Buscar
                                </Button>
                </FormGroup>
</Form>,
            ],
          },
          "ref": null,
          "rendered": Array [
            Object {
              "instance": null,
              "key": undefined,
              "nodeType": "function",
              "props": Object {
                "as": "h3",
                "children": "Consultar",
              },
              "ref": null,
              "rendered": "Consultar",
              "type": [Function],
            },
            Object {
              "instance": null,
              "key": undefined,
              "nodeType": "class",
              "props": Object {
                "as": "form",
                "children": <FormGroup>
                  <FormField
                                    inline={true}
                                    required={true}
                  >
                                    <label>
                                                      CEP
                                    </label>
                                    <Input
                                                      onChange={[Function]}
                                                      pattern="[0-9]{5}-?[0-9]{3}"
                                                      required={true}
                                                      type="text"
                                                      value=""
                                    />
                  </FormField>
                  <Button
                                    as="button"
                                    role="button"
                                    type="submit"
                  >
                                    Buscar
                  </Button>
</FormGroup>,
                "onSubmit": [Function],
              },
              "ref": null,
              "rendered": Object {
                "instance": null,
                "key": undefined,
                "nodeType": "function",
                "props": Object {
                  "children": Array [
                    <FormField
                      inline={true}
                      required={true}
>
                      <label>
                                            CEP
                      </label>
                      <Input
                                            onChange={[Function]}
                                            pattern="[0-9]{5}-?[0-9]{3}"
                                            required={true}
                                            type="text"
                                            value=""
                      />
</FormField>,
                    <Button
                      as="button"
                      role="button"
                      type="submit"
>
                      Buscar
</Button>,
                  ],
                },
                "ref": null,
                "rendered": Array [
                  Object {
                    "instance": null,
                    "key": undefined,
                    "nodeType": "function",
                    "props": Object {
                      "children": Array [
                        <label>
                          CEP
</label>,
                        <Input
                          onChange={[Function]}
                          pattern="[0-9]{5}-?[0-9]{3}"
                          required={true}
                          type="text"
                          value=""
/>,
                      ],
                      "inline": true,
                      "required": true,
                    },
                    "ref": null,
                    "rendered": Array [
                      Object {
                        "instance": null,
                        "key": undefined,
                        "nodeType": "host",
                        "props": Object {
                          "children": "CEP",
                        },
                        "ref": null,
                        "rendered": "CEP",
                        "type": "label",
                      },
                      Object {
                        "instance": null,
                        "key": undefined,
                        "nodeType": "class",
                        "props": Object {
                          "onChange": [Function],
                          "pattern": "[0-9]{5}-?[0-9]{3}",
                          "required": true,
                          "type": "text",
                          "value": "",
                        },
                        "ref": Object {
                          "current": null,
                        },
                        "rendered": null,
                        "type": [Function],
                      },
                    ],
                    "type": [Function],
                  },
                  Object {
                    "instance": null,
                    "key": undefined,
                    "nodeType": "class",
                    "props": Object {
                      "as": "button",
                      "children": "Buscar",
                      "role": "button",
                      "type": "submit",
                    },
                    "ref": null,
                    "rendered": "Buscar",
                    "type": [Function],
                  },
                ],
                "type": [Function],
              },
              "type": [Function],
            },
          ],
          "type": [Function],
        },
        null,
      ],
      "type": "div",
    },
  ],
  Symbol(enzyme.__options__): Object {
    "adapter": ReactSixteenAdapter {
      "options": Object {
        "enableComponentDidUpdateOnSetState": true,
      },
    },
    "disableLifecycleMethods": true,
  },
}
`;
